// Jest Snapshot v1, https://goo.gl/fbAQLP

exports[`Icon renders correctly 1`] = `
<svg
  className="icon"
  viewBox="0 0 0 0"
>
  <title>
    test
  </title>
  <path
    d=""
  />
</svg>
`;
